BL51 BANKED LINKER/LOCATER V6.22                                                        03/25/2016  13:03:09  PAGE 1


BL51 BANKED LINKER/LOCATER V6.22, INVOKED BY:
C:\KEIL\C51\BIN\BL51.EXE STARTUP.obj, main.obj TO test RAMSIZE (256)


MEMORY MODEL: SMALL


INPUT MODULES INCLUDED:
  STARTUP.obj (?C_STARTUP)
  main.obj (MAIN)


LINK MAP OF MODULE:  test (?C_STARTUP)


            TYPE    BASE      LENGTH    RELOCATION   SEGMENT NAME
            -----------------------------------------------------

            * * * * * * *   D A T A   M E M O R Y   * * * * * * *
            REG     0000H     0008H     ABSOLUTE     "REG BANK 0"
            REG     0008H     0008H     ABSOLUTE     "REG BANK 1"
            IDATA   0010H     0001H     UNIT         ?STACK

            * * * * * * *   C O D E   M E M O R Y   * * * * * * *
            CODE    0000H     0003H     ABSOLUTE     
            CODE    0003H     0003H     ABSOLUTE     
            CODE    0006H     0026H     UNIT         ?PR?INTERRUPTTEST?MAIN
            CODE    002CH     0013H     UNIT         ?PR?_DELAYMS?MAIN
            CODE    003FH     000CH     UNIT         ?C_C51STARTUP
            CODE    004BH     0008H     UNIT         ?PR?MAIN?MAIN
            CODE    0053H     0007H     UNIT         ?PR?INIT?MAIN
            CODE    005AH     0003H     UNIT         ?PR?_DELAYUS?MAIN



OVERLAY MAP OF MODULE:   test (?C_STARTUP)


SEGMENT
  +--> CALLED SEGMENT
---------------------
?C_C51STARTUP
  +--> ?PR?MAIN?MAIN

?PR?MAIN?MAIN
  +--> ?PR?INIT?MAIN

*** NEW ROOT ***************************************************

?PR?INTERRUPTTEST?MAIN
  +--> ?PR?_DELAYMS?MAIN

?PR?_DELAYMS?MAIN
  +--> ?PR?_DELAYUS?MAIN



SYMBOL TABLE OF MODULE:  test (?C_STARTUP)
BL51 BANKED LINKER/LOCATER V6.22                                                      03/25/2016  13:03:09  PAGE 2



  VALUE           TYPE          NAME
  ----------------------------------

  -------         MODULE        ?C_STARTUP
  C:003FH         SEGMENT       ?C_C51STARTUP
  I:0010H         SEGMENT       ?STACK
  C:0000H         PUBLIC        ?C_STARTUP
  D:00E0H         SYMBOL        ACC
  D:00F0H         SYMBOL        B
  D:0083H         SYMBOL        DPH
  D:0082H         SYMBOL        DPL
  N:0000H         SYMBOL        IBPSTACK
  N:0100H         SYMBOL        IBPSTACKTOP
  N:0080H         SYMBOL        IDATALEN
  C:0042H         SYMBOL        IDATALOOP
  N:0000H         SYMBOL        PBPSTACK
  N:0100H         SYMBOL        PBPSTACKTOP
  N:0000H         SYMBOL        PDATALEN
  N:0000H         SYMBOL        PDATASTART
  N:0000H         SYMBOL        PPAGE
  N:0000H         SYMBOL        PPAGEENABLE
  D:00A0H         SYMBOL        PPAGE_SFR
  D:0081H         SYMBOL        SP
  C:003FH         SYMBOL        STARTUP1
  N:0000H         SYMBOL        XBPSTACK
  N:0000H         SYMBOL        XBPSTACKTOP
  N:0000H         SYMBOL        XDATALEN
  N:0000H         SYMBOL        XDATASTART
  C:0000H         LINE#         126
  C:003FH         LINE#         133
  C:0041H         LINE#         134
  C:0042H         LINE#         135
  C:0043H         LINE#         136
  C:0045H         LINE#         185
  C:0048H         LINE#         196
  -------         ENDMOD        ?C_STARTUP

  -------         MODULE        MAIN
  C:0000H         SYMBOL        _ICE_DUMMY_
  D:0090H         PUBLIC        P1
  D:00B0H         PUBLIC        P3
  B:00A8H.7       PUBLIC        EA
  D:00A8H         PUBLIC        IE
  C:0053H         PUBLIC        Init
  C:0006H         PUBLIC        interruptTest
  D:00B8H         PUBLIC        IP
  B:00B0H.2       PUBLIC        INT0
  C:004BH         PUBLIC        main
  D:0098H         PUBLIC        SCON
  D:0088H         PUBLIC        TCON
  B:00A8H.0       PUBLIC        EX0
  B:0088H.0       PUBLIC        IT0
  C:002CH         PUBLIC        _delayMs
  C:005AH         PUBLIC        _delayUs
  D:00C8H         PUBLIC        T2CON
  D:00D0H         PUBLIC        PSW
BL51 BANKED LINKER/LOCATER V6.22                                                      03/25/2016  13:03:09  PAGE 3


  -------         PROC          MAIN
  C:004BH         LINE#         6
  C:004BH         LINE#         7
  C:004EH         LINE#         8
  C:0051H         LINE#         9
  -------         ENDPROC       MAIN
  -------         PROC          INIT
  C:0053H         LINE#         11
  C:0053H         LINE#         12
  C:0055H         LINE#         13
  C:0057H         LINE#         14
  C:0059H         LINE#         15
  -------         ENDPROC       INIT
  -------         PROC          INTERRUPTTEST
  C:0006H         LINE#         17
  C:0013H         LINE#         18
  C:0016H         LINE#         19
  C:001BH         LINE#         20
  C:001EH         LINE#         21
  C:0021H         LINE#         22
  C:0021H         LINE#         23
  C:0021H         LINE#         24
  -------         ENDPROC       INTERRUPTTEST
  -------         PROC          _DELAYUS
  D:0007H         SYMBOL        t
  C:005AH         LINE#         26
  C:005AH         LINE#         27
  C:005CH         LINE#         28
  -------         ENDPROC       _DELAYUS
  -------         PROC          _DELAYMS
  D:0006H         SYMBOL        t
  C:002CH         LINE#         29
  C:002EH         LINE#         30
  C:0032H         LINE#         31
  C:0037H         LINE#         32
  C:003CH         LINE#         33
  C:003EH         LINE#         34
  -------         ENDPROC       _DELAYMS
  -------         ENDMOD        MAIN

Program Size: data=17.0 xdata=0 code=93
LINK/LOCATE RUN COMPLETE.  0 WARNING(S),  0 ERROR(S)
